---
source: src/noa/views/buffer_view.rs
expression: canvas.graphemes()
---
[
    Grapheme {
        chars: " ",
        width: 1,
        style: Style {
            fg: Reset,
            bg: Reset,
            bold: false,
            underline: false,
            inverted: false,
        },
    },
    Grapheme {
        chars: " ",
        width: 1,
        style: Style {
            fg: Reset,
            bg: Reset,
            bold: false,
            underline: false,
            inverted: false,
        },
    },
    Grapheme {
        chars: "1",
        width: 1,
        style: Style {
            fg: Reset,
            bg: Reset,
            bold: false,
            underline: false,
            inverted: false,
        },
    },
    Grapheme {
        chars: " ",
        width: 1,
        style: Style {
            fg: Reset,
            bg: Reset,
            bold: false,
            underline: false,
            inverted: false,
        },
    },
    Grapheme {
        chars: "a",
        width: 1,
        style: Style {
            fg: Reset,
            bg: Reset,
            bold: false,
            underline: false,
            inverted: false,
        },
    },
    Grapheme {
        chars: "b",
        width: 1,
        style: Style {
            fg: Reset,
            bg: Reset,
            bold: false,
            underline: false,
            inverted: false,
        },
    },
    Grapheme {
        chars: "c",
        width: 1,
        style: Style {
            fg: Reset,
            bg: Reset,
            bold: false,
            underline: false,
            inverted: false,
        },
    },
    Grapheme {
        chars: "d",
        width: 1,
        style: Style {
            fg: Reset,
            bg: Reset,
            bold: false,
            underline: false,
            inverted: false,
        },
    },
    Grapheme {
        chars: " ",
        width: 1,
        style: Style {
            fg: Reset,
            bg: Reset,
            bold: false,
            underline: false,
            inverted: false,
        },
    },
    Grapheme {
        chars: " ",
        width: 1,
        style: Style {
            fg: Reset,
            bg: Reset,
            bold: false,
            underline: false,
            inverted: false,
        },
    },
    Grapheme {
        chars: " ",
        width: 1,
        style: Style {
            fg: Reset,
            bg: Reset,
            bold: false,
            underline: false,
            inverted: false,
        },
    },
    Grapheme {
        chars: " ",
        width: 1,
        style: Style {
            fg: Reset,
            bg: Reset,
            bold: false,
            underline: false,
            inverted: false,
        },
    },
    Grapheme {
        chars: "e",
        width: 1,
        style: Style {
            fg: Reset,
            bg: Reset,
            bold: false,
            underline: false,
            inverted: false,
        },
    },
    Grapheme {
        chars: "f",
        width: 1,
        style: Style {
            fg: Reset,
            bg: Reset,
            bold: false,
            underline: false,
            inverted: false,
        },
    },
    Grapheme {
        chars: "g",
        width: 1,
        style: Style {
            fg: Reset,
            bg: Reset,
            bold: false,
            underline: false,
            inverted: false,
        },
    },
    Grapheme {
        chars: " ",
        width: 1,
        style: Style {
            fg: Reset,
            bg: Reset,
            bold: false,
            underline: false,
            inverted: false,
        },
    },
    Grapheme {
        chars: " ",
        width: 1,
        style: Style {
            fg: Reset,
            bg: Reset,
            bold: false,
            underline: false,
            inverted: false,
        },
    },
    Grapheme {
        chars: " ",
        width: 1,
        style: Style {
            fg: Reset,
            bg: Reset,
            bold: false,
            underline: false,
            inverted: false,
        },
    },
    Grapheme {
        chars: " ",
        width: 1,
        style: Style {
            fg: Reset,
            bg: Reset,
            bold: false,
            underline: false,
            inverted: false,
        },
    },
    Grapheme {
        chars: " ",
        width: 1,
        style: Style {
            fg: Reset,
            bg: Reset,
            bold: false,
            underline: false,
            inverted: false,
        },
    },
    Grapheme {
        chars: " ",
        width: 1,
        style: Style {
            fg: Reset,
            bg: Reset,
            bold: false,
            underline: false,
            inverted: false,
        },
    },
    Grapheme {
        chars: " ",
        width: 1,
        style: Style {
            fg: Reset,
            bg: Reset,
            bold: false,
            underline: false,
            inverted: false,
        },
    },
    Grapheme {
        chars: " ",
        width: 1,
        style: Style {
            fg: Reset,
            bg: Reset,
            bold: false,
            underline: false,
            inverted: false,
        },
    },
    Grapheme {
        chars: " ",
        width: 1,
        style: Style {
            fg: Reset,
            bg: Reset,
            bold: false,
            underline: false,
            inverted: false,
        },
    },
    Grapheme {
        chars: " ",
        width: 1,
        style: Style {
            fg: Reset,
            bg: Reset,
            bold: false,
            underline: false,
            inverted: false,
        },
    },
    Grapheme {
        chars: " ",
        width: 1,
        style: Style {
            fg: Reset,
            bg: Reset,
            bold: false,
            underline: false,
            inverted: false,
        },
    },
    Grapheme {
        chars: " ",
        width: 1,
        style: Style {
            fg: Reset,
            bg: Reset,
            bold: false,
            underline: false,
            inverted: false,
        },
    },
    Grapheme {
        chars: " ",
        width: 1,
        style: Style {
            fg: Reset,
            bg: Reset,
            bold: false,
            underline: false,
            inverted: false,
        },
    },
    Grapheme {
        chars: " ",
        width: 1,
        style: Style {
            fg: Reset,
            bg: Reset,
            bold: false,
            underline: false,
            inverted: false,
        },
    },
    Grapheme {
        chars: " ",
        width: 1,
        style: Style {
            fg: Reset,
            bg: Reset,
            bold: false,
            underline: false,
            inverted: false,
        },
    },
    Grapheme {
        chars: " ",
        width: 1,
        style: Style {
            fg: Reset,
            bg: Reset,
            bold: false,
            underline: false,
            inverted: false,
        },
    },
    Grapheme {
        chars: " ",
        width: 1,
        style: Style {
            fg: Reset,
            bg: Reset,
            bold: false,
            underline: false,
            inverted: false,
        },
    },
    Grapheme {
        chars: " ",
        width: 1,
        style: Style {
            fg: Reset,
            bg: Reset,
            bold: false,
            underline: false,
            inverted: false,
        },
    },
    Grapheme {
        chars: " ",
        width: 1,
        style: Style {
            fg: Reset,
            bg: Reset,
            bold: false,
            underline: false,
            inverted: false,
        },
    },
    Grapheme {
        chars: " ",
        width: 1,
        style: Style {
            fg: Reset,
            bg: Reset,
            bold: false,
            underline: false,
            inverted: false,
        },
    },
    Grapheme {
        chars: " ",
        width: 1,
        style: Style {
            fg: Reset,
            bg: Reset,
            bold: false,
            underline: false,
            inverted: false,
        },
    },
    Grapheme {
        chars: " ",
        width: 1,
        style: Style {
            fg: Reset,
            bg: Reset,
            bold: false,
            underline: false,
            inverted: false,
        },
    },
    Grapheme {
        chars: " ",
        width: 1,
        style: Style {
            fg: Reset,
            bg: Reset,
            bold: false,
            underline: false,
            inverted: false,
        },
    },
    Grapheme {
        chars: " ",
        width: 1,
        style: Style {
            fg: Reset,
            bg: Reset,
            bold: false,
            underline: false,
            inverted: false,
        },
    },
    Grapheme {
        chars: " ",
        width: 1,
        style: Style {
            fg: Reset,
            bg: Reset,
            bold: false,
            underline: false,
            inverted: false,
        },
    },
    Grapheme {
        chars: " ",
        width: 1,
        style: Style {
            fg: Reset,
            bg: Reset,
            bold: false,
            underline: false,
            inverted: false,
        },
    },
    Grapheme {
        chars: " ",
        width: 1,
        style: Style {
            fg: Reset,
            bg: Reset,
            bold: false,
            underline: false,
            inverted: false,
        },
    },
    Grapheme {
        chars: " ",
        width: 1,
        style: Style {
            fg: Reset,
            bg: Reset,
            bold: false,
            underline: false,
            inverted: false,
        },
    },
    Grapheme {
        chars: " ",
        width: 1,
        style: Style {
            fg: Reset,
            bg: Reset,
            bold: false,
            underline: false,
            inverted: false,
        },
    },
    Grapheme {
        chars: " ",
        width: 1,
        style: Style {
            fg: Reset,
            bg: Reset,
            bold: false,
            underline: false,
            inverted: false,
        },
    },
    Grapheme {
        chars: " ",
        width: 1,
        style: Style {
            fg: Reset,
            bg: Reset,
            bold: false,
            underline: false,
            inverted: false,
        },
    },
    Grapheme {
        chars: " ",
        width: 1,
        style: Style {
            fg: Reset,
            bg: Reset,
            bold: false,
            underline: false,
            inverted: false,
        },
    },
    Grapheme {
        chars: " ",
        width: 1,
        style: Style {
            fg: Reset,
            bg: Reset,
            bold: false,
            underline: false,
            inverted: false,
        },
    },
    Grapheme {
        chars: " ",
        width: 1,
        style: Style {
            fg: Reset,
            bg: Reset,
            bold: false,
            underline: false,
            inverted: false,
        },
    },
    Grapheme {
        chars: " ",
        width: 1,
        style: Style {
            fg: Reset,
            bg: Reset,
            bold: false,
            underline: false,
            inverted: false,
        },
    },
    Grapheme {
        chars: " ",
        width: 1,
        style: Style {
            fg: Reset,
            bg: Reset,
            bold: false,
            underline: false,
            inverted: false,
        },
    },
    Grapheme {
        chars: " ",
        width: 1,
        style: Style {
            fg: Reset,
            bg: Reset,
            bold: false,
            underline: false,
            inverted: false,
        },
    },
    Grapheme {
        chars: " ",
        width: 1,
        style: Style {
            fg: Reset,
            bg: Reset,
            bold: false,
            underline: false,
            inverted: false,
        },
    },
    Grapheme {
        chars: " ",
        width: 1,
        style: Style {
            fg: Reset,
            bg: Reset,
            bold: false,
            underline: false,
            inverted: false,
        },
    },
    Grapheme {
        chars: " ",
        width: 1,
        style: Style {
            fg: Reset,
            bg: Reset,
            bold: false,
            underline: false,
            inverted: false,
        },
    },
    Grapheme {
        chars: " ",
        width: 1,
        style: Style {
            fg: Reset,
            bg: Reset,
            bold: false,
            underline: false,
            inverted: false,
        },
    },
    Grapheme {
        chars: " ",
        width: 1,
        style: Style {
            fg: Reset,
            bg: Reset,
            bold: false,
            underline: false,
            inverted: false,
        },
    },
    Grapheme {
        chars: " ",
        width: 1,
        style: Style {
            fg: Reset,
            bg: Reset,
            bold: false,
            underline: false,
            inverted: false,
        },
    },
    Grapheme {
        chars: " ",
        width: 1,
        style: Style {
            fg: Reset,
            bg: Reset,
            bold: false,
            underline: false,
            inverted: false,
        },
    },
    Grapheme {
        chars: " ",
        width: 1,
        style: Style {
            fg: Reset,
            bg: Reset,
            bold: false,
            underline: false,
            inverted: false,
        },
    },
    Grapheme {
        chars: " ",
        width: 1,
        style: Style {
            fg: Reset,
            bg: Reset,
            bold: false,
            underline: false,
            inverted: false,
        },
    },
    Grapheme {
        chars: " ",
        width: 1,
        style: Style {
            fg: Reset,
            bg: Reset,
            bold: false,
            underline: false,
            inverted: false,
        },
    },
    Grapheme {
        chars: " ",
        width: 1,
        style: Style {
            fg: Reset,
            bg: Reset,
            bold: false,
            underline: false,
            inverted: false,
        },
    },
    Grapheme {
        chars: " ",
        width: 1,
        style: Style {
            fg: Reset,
            bg: Reset,
            bold: false,
            underline: false,
            inverted: false,
        },
    },
    Grapheme {
        chars: " ",
        width: 1,
        style: Style {
            fg: Reset,
            bg: Reset,
            bold: false,
            underline: false,
            inverted: false,
        },
    },
    Grapheme {
        chars: " ",
        width: 1,
        style: Style {
            fg: Reset,
            bg: Reset,
            bold: false,
            underline: false,
            inverted: false,
        },
    },
    Grapheme {
        chars: " ",
        width: 1,
        style: Style {
            fg: Reset,
            bg: Reset,
            bold: false,
            underline: false,
            inverted: false,
        },
    },
    Grapheme {
        chars: " ",
        width: 1,
        style: Style {
            fg: Reset,
            bg: Reset,
            bold: false,
            underline: false,
            inverted: false,
        },
    },
    Grapheme {
        chars: " ",
        width: 1,
        style: Style {
            fg: Reset,
            bg: Reset,
            bold: false,
            underline: false,
            inverted: false,
        },
    },
    Grapheme {
        chars: " ",
        width: 1,
        style: Style {
            fg: Reset,
            bg: Reset,
            bold: false,
            underline: false,
            inverted: false,
        },
    },
    Grapheme {
        chars: " ",
        width: 1,
        style: Style {
            fg: Reset,
            bg: Reset,
            bold: false,
            underline: false,
            inverted: false,
        },
    },
    Grapheme {
        chars: " ",
        width: 1,
        style: Style {
            fg: Reset,
            bg: Reset,
            bold: false,
            underline: false,
            inverted: false,
        },
    },
    Grapheme {
        chars: " ",
        width: 1,
        style: Style {
            fg: Reset,
            bg: Reset,
            bold: false,
            underline: false,
            inverted: false,
        },
    },
    Grapheme {
        chars: " ",
        width: 1,
        style: Style {
            fg: Reset,
            bg: Reset,
            bold: false,
            underline: false,
            inverted: false,
        },
    },
    Grapheme {
        chars: " ",
        width: 1,
        style: Style {
            fg: Reset,
            bg: Reset,
            bold: false,
            underline: false,
            inverted: false,
        },
    },
    Grapheme {
        chars: " ",
        width: 1,
        style: Style {
            fg: Reset,
            bg: Reset,
            bold: false,
            underline: false,
            inverted: false,
        },
    },
    Grapheme {
        chars: " ",
        width: 1,
        style: Style {
            fg: Reset,
            bg: Reset,
            bold: false,
            underline: false,
            inverted: false,
        },
    },
    Grapheme {
        chars: " ",
        width: 1,
        style: Style {
            fg: Reset,
            bg: Reset,
            bold: false,
            underline: false,
            inverted: false,
        },
    },
    Grapheme {
        chars: " ",
        width: 1,
        style: Style {
            fg: Reset,
            bg: Reset,
            bold: false,
            underline: false,
            inverted: false,
        },
    },
    Grapheme {
        chars: " ",
        width: 1,
        style: Style {
            fg: Reset,
            bg: Reset,
            bold: false,
            underline: false,
            inverted: false,
        },
    },
]
